// Jest Snapshot v1, https://goo.gl/fbAQLP

exports[`should render correctly 1`] = `
<View
  elevation={5}
  marginHorizontal={10}
  marginVertical={10}
  shadowColor="#000"
  shadowOffset={
    Object {
      "height": 5,
      "width": 0,
    }
  }
  shadowOpacity={0.25}
  shadowRadius={3.84}
  style={
    Array [
      Object {
        "backgroundColor": "#fff",
        "borderRadius": 8,
        "height": 337.5,
        "width": 337.5,
      },
    ]
  }
  testID="card.container"
>
  <View
    accessibilityIgnoresInvertColors={true}
    style={
      Array [
        Object {
          "height": "100%",
          "justifyContent": "flex-end",
          "width": "100%",
        },
      ]
    }
  >
    <Image
      borderRadius={8}
      resizeMode="cover"
      source={
        Object {
          "testUri": "../../../src/assets/images/header.png",
        }
      }
      style={
        Array [
          Object {
            "bottom": 0,
            "left": 0,
            "position": "absolute",
            "right": 0,
            "top": 0,
          },
          Object {
            "height": undefined,
            "width": undefined,
          },
          undefined,
        ]
      }
      testID="card.background"
    />
    <Text
      style={
        Array [
          Object {
            "color": "#fff",
            "fontFamily": "Poppins-Regular",
            "fontSize": 14,
            "fontWeight": "bold",
            "paddingBottom": 8,
            "paddingLeft": 8,
          },
        ]
      }
    >
      Restaurantes
    </Text>
  </View>
</View>
`;
