// Jest Snapshot v1, https://goo.gl/fbAQLP

exports[`should render correctly 1`] = `
<View
  elevation={5}
  shadowColor="#000"
  style={
    Array [
      Object {
        "backgroundColor": "#fff",
        "borderRadius": 8,
        "marginBottom": 18,
      },
      Object {
        "marginLeft": 0,
      },
    ]
  }
  testID="card.container"
>
  <View
    accessibilityIgnoresInvertColors={true}
    style={
      Array [
        Object {
          "alignItems": "flex-start",
          "height": 337.5,
          "justifyContent": "flex-end",
          "paddingBottom": 22,
          "paddingLeft": 22,
          "paddingRight": 22,
          "paddingTop": 22,
          "width": 337.5,
        },
      ]
    }
  >
    <Image
      source={
        Object {
          "testUri": "../../../src/assets/images/header.png",
        }
      }
      style={
        Array [
          Object {
            "bottom": 0,
            "left": 0,
            "position": "absolute",
            "right": 0,
            "top": 0,
          },
          Object {
            "height": undefined,
            "width": undefined,
          },
          undefined,
        ]
      }
      testID="card.background"
    />
    <Text
      style={
        Array [
          Object {
            "color": "#fff",
            "fontFamily": "RobotoSlab-Regular",
            "fontSize": 12,
          },
        ]
      }
    >
      Restaurantes
    </Text>
  </View>
</View>
`;
