// Jest Snapshot v1, https://goo.gl/fbAQLP

exports[`should render correctly 1`] = `
<View
  style={
    Array [
      Object {
        "alignItems": "flex-start",
        "flexDirection": "column",
        "flexWrap": "wrap",
        "width": 375,
      },
    ]
  }
>
  <Text
    colorLabel="black"
    size="large"
    style={
      Array [
        Object {
          "color": "#333",
          "fontFamily": "RobotoSlab-Regular",
          "fontSize": 22,
        },
      ]
    }
  >
    Titulo
  </Text>
</View>
`;
